============================================================
  Generated by:           Encounter(R) RTL Compiler v12.10-s012_1
  Generated on:           Aug 29 2026  12:00:43 pm
  Module:                 riscv_tcm_wrapper
  Technology libraries:   gpdk045bc 
                          MEM2_2048X32 1.1
                          physical_cells 
  Operating conditions:   slow 
  Interconnect mode:      global
  Area mode:              physical library
============================================================

Timing
--------

Clock  Period 
--------------
clk   10000.0 


  Cost    Critical       Violating 
 Group   Path Slack TNS    Paths   
-----------------------------------
default    No paths   0            
clk             0.0   0          0 
-----------------------------------
Total                 0          0 

Instance Count
--------------
Leaf Instance Count            15256 
Sequential Instance Count       2677 
Combinational Instance Count   12579 
Hierarchical Instance Count       29 
Total Area                         3253510.706
Cell Area                          3235151.818


Max Fanout                         2685 (clk_i)
Min Fanout                         0 (u_axi/axi_awburst_o[0])
Average Fanout                     2.7
Terms to net ratio                 3.7
Terms to instance ratio            4.1
Runtime                            204 seconds
RC peak memory usage:              166.59 
EDI peak memory usage:             no_value 
Hostname                           cadence
