============================================================
  Generated by:           Encounter(R) RTL Compiler v12.10-s012_1
  Generated on:           Aug 29 2026  12:00:41 pm
  Module:                 riscv_tcm_wrapper
  Technology libraries:   gpdk045bc 
                          MEM2_2048X32 1.1
                          physical_cells 
  Operating conditions:   slow 
  Interconnect mode:      global
  Area mode:              physical library
============================================================

                                    Instance                                      Cells  Cell Area  Net Area  Total Area 
-------------------------------------------------------------------------------------------------------------------------
riscv_tcm_wrapper                                                                 15256    3235152     18359     3253511 
  u_core                                                                          13595      43596     15891       59487 
    u_issue                                                                        5243      17131      5932       23063 
      u_pipe_ctrl                                                                   698       3509       618        4128 
    u_mul_mul_139_68                                                               2464       7341      2922       10263 
    u_csr                                                                          1357       5481      1397        6878 
      u_csrfile                                                                     990       4180      1082        5263 
        inc_add_557_42_2                                                             31        147        19         166 
        inc_add_266_36_8                                                             31        147        19         166 
        add_628_42                                                                   29        137        18         155 
    u_exec                                                                         1776       3831      1777        5608 
      u_alu                                                                         915       1669       901        2570 
        sub_73_37_Y_add_163_38                                                      197        419       158         577 
        lt_189_38                                                                    80        128        58         186 
      add_338_51                                                                    170        321       136         457 
      add_330_39_Y_add_324_35                                                        69        287        47         333 
      lt_367_46_Y_gte_372_46                                                        100        154        72         226 
      less_than_signed_357_25:sub_279_12_Y_greater_than_signed_362_25:sub_297_12     98        155        71         226 
    u_div                                                                          1135       3567      1178        4745 
      sub_143_34_Y_minus_125_23                                                     160        343       118         460 
      minus_120_23                                                                   71        174        43         217 
      lte_141_19                                                                     88        147        62         209 
      minus_159_39_Y_minus_157_39                                                    64        167        38         205 
    u_lsu                                                                           730       2524       656        3180 
      add_193_42_Y_add_191_42                                                       170        323       137         460 
    u_decode_genblk1.u_dec                                                          107        345        84         429 
    u_fetch_add_189_41                                                               29        137        18         155 
  u_tcm_u_conv                                                                      597       2328       610        2937 
  u_axi                                                                             273       1434       249        1683 
  u_dmux                                                                             98        252        63         315 
