============================================================
  Generated by:           Encounter(R) RTL Compiler v12.10-s012_1
  Generated on:           Aug 29 2026  12:00:41 pm
  Module:                 riscv_tcm_wrapper
  Technology libraries:   gpdk045bc 
                          MEM2_2048X32 1.1
                          physical_cells 
  Operating conditions:   slow 
  Interconnect mode:      global
  Area mode:              physical library
============================================================

           Pin                     Type       Fanout Load Slew Delay Arrival   
                                                     (fF) (ps)  (ps)   (ps)    
-------------------------------------------------------------------------------
(clock clk)                     launch                                     0 R 
                                latency                         +300     300 R 
u_tcm_u_ram_u_bank0/CK1                                    100           300 R 
u_tcm_u_ram_u_bank0/Q1[16] (P)  MEM2_2048X32       1  4.6  143 +1518    1818 F 
g8242/A0                                                          +0    1818   
g8242/Y                         AO22X4             1  6.7   67  +207    2025 F 
g8038/C0                                                          +0    2025   
g8038/Y                         AOI221X4           1  6.9  160  +101    2126 R 
g6867/B                                                           +0    2126   
g6867/Y                         NAND2X4            1  6.8   97  +101    2227 F 
u_core/mem_i_inst_i[16] 
  g7273/B1                                                        +0    2227   
  g7273/Y                       AOI22X4            1  9.2  143   +89    2317 R 
  g2278/A                                                         +0    2317   
  g2278/Y                       INVX8             16 52.5  132  +114    2431 F 
  u_decode_genblk1.u_dec/opcode_i[16] 
    g10328/A                                                      +0    2431   
    g10328/Y                    NOR3X6             1  6.9  137  +118    2549 R 
    g10304/B                                                      +0    2549   
    g10304/Y                    NAND2X4            1  9.2  112  +104    2653 F 
    g10414/D                                                      +0    2653   
    g10414/Y                    NOR4X8             1  6.2  140   +89    2741 R 
    g10264/A                                                      +0    2742   
    g10264/Y                    CLKAND2X6          1  4.4   32  +115    2856 R 
    g10380/B0                                                     +0    2856   
    g10380/Y                    OA21X2             2 10.8  113  +181    3037 R 
    g10241/B                                                      +0    3037   
    g10241/Y                    NOR2X6             1  8.3   50   +63    3100 F 
    g10240/B                                                      +0    3100   
    g10240/Y                    NAND2X6            1  8.3   43   +37    3137 R 
    g10239/B                                                      +0    3138   
    g10239/Y                    NOR2X6             2  7.9   45   +36    3174 F 
    g10238/B                                                      +0    3174   
    g10238/Y                    OR2X6              4 12.8   65  +117    3291 F 
  u_decode_genblk1.u_dec/csr_o 
  u_issue/fetch_instr_csr_i 
    g25635/B                                                      +0    3291   
    g25635/Y                    NOR2X2             1  4.7   98   +71    3363 R 
    g42426/B                                                      +0    3363   
    g42426/Y                    OR2X4             13 43.6  178  +178    3541 R 
    g25583/B                                                      +0    3541   
    g25583/Y                    AND2X8             8 39.5  105  +203    3744 R 
    g25555/B                                                      +0    3744   
    g25555/Y                    NOR2X4             3 10.6   70   +71    3815 F 
    g42730/A1                                                     +0    3815   
    g42730/Y                    AO22XL             1  4.7  162  +209    4024 F 
    g42716/AN                                                     +0    4024   
    g42716/Y                    NAND4BBX4          1  6.9  232  +268    4292 F 
    g25401/B                                                      +0    4292   
    g25401/Y                    NAND2X4            1  8.3   86  +102    4394 R 
    g25397/B                                                      +0    4394   
    g25397/Y                    NOR2X6             1  7.0   43   +51    4445 F 
    g25396/A                                                      +0    4445   
    g25396/Y                    NOR2X4             1  6.2   76   +60    4505 R 
    g25394/A                                                      +0    4506   
    g25394/Y                    CLKAND2X6          7 21.8   73  +116    4621 R 
    g11597/B                                                      +0    4621   
    g11597/Y                    CLKAND2X3          7 21.1  122  +135    4756 R 
  u_issue/lsu_opcode_valid_o 
  u_lsu/opcode_valid_i 
    g6335/B                                                       +0    4756   
    g6335/Y                     CLKAND2X6          7 22.5   79  +126    4882 R 
    g6332/S0                                                      +0    4882   
    g6332/Y                     CLKMX2X3           2  8.4   79  +201    5083 F 
    add_193_42_Y_add_191_42/A[0] 
      g2808/B                                                     +0    5083   
      g2808/Y                   AND2X6             1  6.0   36   +87    5170 F 
      g2729/CI                                                    +0    5170   
      g2729/CO                  ADDFHX2            2  7.7  109  +188    5359 F 
      g2725/A1                                                    +0    5359   
      g2725/Y                   AOI21X1            1  5.7  204  +153    5512 R 
      g2719/CI                                                    +0    5512   
      g2719/CO                  ADDFX1             1  5.7  126  +278    5790 R 
      g2717/CI                                                    +0    5790   
      g2717/CO                  ADDFX1             1  5.7  126  +251    6041 R 
      g2715/CI                                                    +0    6041   
      g2715/CO                  ADDFX1             1  5.7  126  +251    6292 R 
      g2713/CI                                                    +0    6292   
      g2713/CO                  ADDFX1             1  5.7  126  +251    6544 R 
      g2711/CI                                                    +0    6544   
      g2711/CO                  ADDFX1             2  7.5  151  +265    6809 R 
      g2709/B                                                     +0    6809   
      g2709/Y                   OR2X1              2  7.5  126  +159    6968 R 
      g2706/A1                                                    +0    6968   
      g2706/Y                   OAI221X1           1  5.7  380  +280    7248 F 
      g2704/CI                                                    +0    7248   
      g2704/CO                  ADDFX1             1  5.3  139  +325    7573 F 
      g2703/A                                                     +0    7573   
      g2703/Y                   INVX2              1  5.7   64   +78    7650 R 
      g2702/CI                                                    +0    7651   
      g2702/CO                  ADDFX1             3 10.3  190  +266    7917 R 
      g2700/B                                                     +0    7917   
      g2700/Y                   NOR2X1             3  9.7  199  +161    8077 F 
      g2696/A1                                                    +0    8077   
      g2696/Y                   AOI211X1           5 14.9  722  +458    8536 R 
      g2692/AN                                                    +0    8536   
      g2692/Y                   NAND2BX1           4 13.3  218  +391    8927 R 
      g2691/A                                                     +0    8927   
      g2691/Y                   INVX2              3  9.7  114  +128    9055 F 
      g2686/C                                                     +0    9055   
      g2686/Y                   AND3XL             2  6.9  221  +195    9250 F 
      g2667/A1                                                    +0    9250   
      g2667/Y                   AOI211XL           1  5.0  465  +334    9584 R 
      g2654/B                                                     +0    9584   
      g2654/Y                   CLKXOR2X1          1  4.4   95  +305    9889 R 
    add_193_42_Y_add_191_42/Z[31] 
    g9522/A1N                                                     +0    9889   
    g9522/Y                     OAI2BB1X1          1  4.6  112  +164   10054 R 
    mem_addr_q_reg[31]/D        DFFRHQX2                          +0   10054   
    mem_addr_q_reg[31]/CK       setup                      100   +96   10150 R 
- - - - - - - - - - - - - - - - - - - - - - - - - - - - - - - - - - - - - - - -
(clock clk)                     capture                                10000 R 
                                latency                         +300   10300 R 
                                uncertainty                     -150   10150 R 
-------------------------------------------------------------------------------
Cost Group   : 'clk' (path_group 'clk')
Timing slack :       0ps 
Start-point  : u_tcm_u_ram_u_bank0/CK1
End-point    : u_core/u_lsu/mem_addr_q_reg[31]/D

(P) : Instance is preserved
