============================================================
  Generated by:           Encounter(R) RTL Compiler v12.10-s012_1
  Generated on:           Aug 29 2026  12:00:43 pm
  Module:                 riscv_tcm_wrapper
  Technology libraries:   gpdk045bc 
                          MEM2_2048X32 1.1
                          physical_cells 
  Operating conditions:   slow 
  Interconnect mode:      global
  Area mode:              physical library
============================================================

                                     
    Gate      Instances     Area         Library     
-----------------------------------------------------
ADDFHX1              10       75.240    gpdk045bc    
ADDFHX2              32      262.656    gpdk045bc    
ADDFX1              510     3488.400    gpdk045bc    
ADDFX4                5       47.880    gpdk045bc    
ADDHX2                2       10.260    gpdk045bc    
ADDHXL              185      885.780    gpdk045bc    
AND2X1              235      401.850    gpdk045bc    
AND2X2                2        4.104    gpdk045bc    
AND2X4                7       21.546    gpdk045bc    
AND2X6               35      131.670    gpdk045bc    
AND2X8                2        8.892    gpdk045bc    
AND3X1                6       14.364    gpdk045bc    
AND3X2                3        8.208    gpdk045bc    
AND3X6                3       13.338    gpdk045bc    
AND3XL               30       61.560    gpdk045bc    
AND4X1                2        5.472    gpdk045bc    
AND4XL               16       38.304    gpdk045bc    
AO21X1               71      169.974    gpdk045bc    
AO21X2                3        8.208    gpdk045bc    
AO21X4                5       17.100    gpdk045bc    
AO22X2               36      110.808    gpdk045bc    
AO22X4               59      221.958    gpdk045bc    
AO22XL             1741     4763.376    gpdk045bc    
AOI211X1              2        4.788    gpdk045bc    
AOI211XL             12       24.624    gpdk045bc    
AOI21X1               9       18.468    gpdk045bc    
AOI21X2              16       43.776    gpdk045bc    
AOI21X4               4       20.520    gpdk045bc    
AOI21XL             149      254.790    gpdk045bc    
AOI221X1            208      640.224    gpdk045bc    
AOI221X2             17       75.582    gpdk045bc    
AOI221X4             15      117.990    gpdk045bc    
AOI222X1            374     1151.172    gpdk045bc    
AOI222X2              3       16.416    gpdk045bc    
AOI22X1            1046     2504.124    gpdk045bc    
AOI22X2              24       90.288    gpdk045bc    
AOI22X4               8       49.248    gpdk045bc    
AOI2BB1X1            57      116.964    gpdk045bc    
AOI2BB1X2            22       67.716    gpdk045bc    
AOI2BB1X4             9       36.936    gpdk045bc    
AOI2BB2X1            28       95.760    gpdk045bc    
AOI2BB2X2             2       10.260    gpdk045bc    
AOI31X1              18       36.936    gpdk045bc    
AOI31X4               1        6.498    gpdk045bc    
AOI32X2               1        4.446    gpdk045bc    
AOI32XL               3        8.208    gpdk045bc    
BUFX12                6       30.780    gpdk045bc    
BUFX2               168      287.280    gpdk045bc    
BUFX3                12       24.624    gpdk045bc    
BUFX4                 2        4.788    gpdk045bc    
BUFX6                12       36.936    gpdk045bc    
BUFX8                 2        7.524    gpdk045bc    
CLKAND2X12            1        7.524    gpdk045bc    
CLKAND2X2            42       86.184    gpdk045bc    
CLKAND2X3            13       40.014    gpdk045bc    
CLKAND2X4             2        6.840    gpdk045bc    
CLKAND2X6             9       43.092    gpdk045bc    
CLKAND2X8             2       11.628    gpdk045bc    
CLKINVX2              2        2.736    gpdk045bc    
CLKINVX6              1        2.394    gpdk045bc    
CLKINVX8              2        6.156    gpdk045bc    
CLKMX2X2             65      200.070    gpdk045bc    
CLKMX2X3              3       12.312    gpdk045bc    
CLKMX2X4             30      123.120    gpdk045bc    
CLKMX2X6             11       48.906    gpdk045bc    
CLKXOR2X1           224      689.472    gpdk045bc    
CLKXOR2X2             1        3.420    gpdk045bc    
DFFQXL              992     5428.224    gpdk045bc    
DFFRHQX2            897     7055.802    gpdk045bc    
DFFRHQX4              7       67.032    gpdk045bc    
DFFRX2               26      222.300    gpdk045bc    
DFFSHQX2              1        8.208    gpdk045bc    
DFFSX1                1        8.550    gpdk045bc    
INVX1              1220      844.911    gpdk045bc    
INVX12                2        7.695    gpdk045bc    
INVX16                1        5.250    gpdk045bc    
INVX2               263      274.335    gpdk045bc    
INVX3                80      111.492    gpdk045bc    
INVX4                33       57.559    gpdk045bc    
INVX6                24       50.274    gpdk045bc    
INVX8                15       41.938    gpdk045bc    
MEM2_2048X32          8  3185617.590    MEM2_2048X32 
MX2X1                 1        3.078    gpdk045bc    
MX2X4                 1        4.104    gpdk045bc    
MX2XL               304      831.744    gpdk045bc    
MXI2X1                5       13.680    gpdk045bc    
MXI2XL              244      584.136    gpdk045bc    
NAND2BX1            304      423.670    gpdk045bc    
NAND2BX2             14       30.164    gpdk045bc    
NAND2BX4              6       20.982    gpdk045bc    
NAND2X1             639      666.541    gpdk045bc    
NAND2X2             128      223.258    gpdk045bc    
NAND2X4              80      273.600    gpdk045bc    
NAND2X6              12       57.456    gpdk045bc    
NAND2X8               9       49.248    gpdk045bc    
NAND3BX1              6       12.312    gpdk045bc    
NAND3BX2              1        3.078    gpdk045bc    
NAND3BX4              1        5.130    gpdk045bc    
NAND3BXL             42       74.693    gpdk045bc    
NAND3X1              79      135.090    gpdk045bc    
NAND3X2               5       13.680    gpdk045bc    
NAND3X4               7       33.516    gpdk045bc    
NAND3X8               1        8.208    gpdk045bc    
NAND4BBX1             3       10.260    gpdk045bc    
NAND4BBX2            13       71.136    gpdk045bc    
NAND4BBX4             2       15.732    gpdk045bc    
NAND4BBXL             2        6.156    gpdk045bc    
NAND4BX1             48      114.912    gpdk045bc    
NAND4BX2             28      124.488    gpdk045bc    
NAND4BX4              4       30.096    gpdk045bc    
NAND4X1             144      295.488    gpdk045bc    
NAND4X2               3       11.286    gpdk045bc    
NOR2BX1             251      429.210    gpdk045bc    
NOR2BX2               8       21.888    gpdk045bc    
NOR2BX4               3       11.286    gpdk045bc    
NOR2X1               42       57.456    gpdk045bc    
NOR2X2               76      155.952    gpdk045bc    
NOR2X4              107      365.940    gpdk045bc    
NOR2X6               16       71.136    gpdk045bc    
NOR2X8                1        5.472    gpdk045bc    
NOR2XL              462      474.012    gpdk045bc    
NOR3BX1              31       63.612    gpdk045bc    
NOR3BX2               5       17.100    gpdk045bc    
NOR3BX4               4       23.256    gpdk045bc    
NOR3X1               24       41.040    gpdk045bc    
NOR3X2                4       10.944    gpdk045bc    
NOR3X4                7       35.910    gpdk045bc    
NOR3X6                3       21.546    gpdk045bc    
NOR4BBX1              9       27.702    gpdk045bc    
NOR4BBX4              1        7.866    gpdk045bc    
NOR4BX1               2        6.156    gpdk045bc    
NOR4BX2               5       23.940    gpdk045bc    
NOR4BX4               1        7.524    gpdk045bc    
NOR4X1                1        2.394    gpdk045bc    
NOR4X4                1        6.498    gpdk045bc    
NOR4X8                1       10.602    gpdk045bc    
NOR4XL               46       94.392    gpdk045bc    
OA21X1               11       26.334    gpdk045bc    
OA21X2                1        3.078    gpdk045bc    
OA21X4                2        7.524    gpdk045bc    
OA22X1               46      141.588    gpdk045bc    
OA22X2                6       20.520    gpdk045bc    
OA22X4                1        4.104    gpdk045bc    
OAI211X1             98      201.096    gpdk045bc    
OAI211X4              2       12.996    gpdk045bc    
OAI21X1               8       16.416    gpdk045bc    
OAI21X2              12       36.936    gpdk045bc    
OAI21X4               7       33.516    gpdk045bc    
OAI21XL             167      285.570    gpdk045bc    
OAI221X1             39      106.704    gpdk045bc    
OAI221X2              4       19.152    gpdk045bc    
OAI222X1             13       40.014    gpdk045bc    
OAI22X1              15       35.910    gpdk045bc    
OAI22X2               9       30.780    gpdk045bc    
OAI22X4              17      110.466    gpdk045bc    
OAI22XL             535     1097.820    gpdk045bc    
OAI2BB1X1           525     1077.300    gpdk045bc    
OAI2BB1X2             7       21.546    gpdk045bc    
OAI2BB1X4            67      297.882    gpdk045bc    
OAI2BB2X1             1        4.104    gpdk045bc    
OAI2BB2X2             1        5.472    gpdk045bc    
OAI2BB2X4             1        8.550    gpdk045bc    
OAI31X1              52      106.704    gpdk045bc    
OAI32X4               1        8.208    gpdk045bc    
OR2X1                90      153.900    gpdk045bc    
OR2X2                46       94.392    gpdk045bc    
OR2X4                14       43.092    gpdk045bc    
OR2X6                 8       32.832    gpdk045bc    
OR2XL                16       27.360    gpdk045bc    
OR3X1                28       57.456    gpdk045bc    
OR3X2                 1        2.394    gpdk045bc    
OR3X4                 3        9.234    gpdk045bc    
OR3X6                 2        9.576    gpdk045bc    
OR4X1                21       50.274    gpdk045bc    
OR4X6                 1        5.472    gpdk045bc    
SDFFQX1             286     2151.864    gpdk045bc    
SDFFRHQX1           438     4194.288    gpdk045bc    
SDFFRX1               1       10.944    gpdk045bc    
SDFFRX4               1       13.338    gpdk045bc    
SDFFRXL              19      194.940    gpdk045bc    
XNOR2X1             176      541.728    gpdk045bc    
XNOR3X1               2       15.048    gpdk045bc    
-----------------------------------------------------
total             15256  3235151.818                 


   Library   Instances     Area    Instances % 
-----------------------------------------------
MEM2_2048X32         8 3185617.590         0.1 
gpdk045bc        15248   49534.228        99.9 

                                          
    Type     Instances     Area    Area % 
------------------------------------------
timing_model         8 3185617.590   98.5 
sequential        2669   19355.490    0.6 
inverter          1643    1404.739    0.0 
buffer             202     391.932    0.0 
logic            10734   28382.067    0.9 
------------------------------------------
total            15256 3235151.818  100.0 

