============================================================
  Generated by:           Encounter(R) RTL Compiler v12.10-s012_1
  Generated on:           Aug 29 2026  12:00:41 pm
  Module:                 riscv_tcm_wrapper
  Technology libraries:   gpdk045bc 
                          MEM2_2048X32 1.1
                          physical_cells 
  Operating conditions:   slow 
  Interconnect mode:      global
  Area mode:              physical library
============================================================

                                         Leakage       Dynamic       Total     
            Instance            Cells   Power(nW)     Power(nW)    Power(nW)   
-------------------------------------------------------------------------------
riscv_tcm_wrapper               15256 800001926.323 28112425.710 828114352.032 
  u_core                        13595      1674.356  6131083.224   6132757.580 
    u_issue                      5243       638.399  2631094.030   2631732.429 
      u_pipe_ctrl                 698       138.073   563896.538    564034.611 
    u_mul_mul_139_68             2464       243.886   687939.518    688183.404 
    u_csr                        1357       218.060   665683.398    665901.458 
      u_csrfile                   990       166.728   547742.740    547909.469 
        inc_add_266_36_8           31         4.872     6239.830      6244.702 
        inc_add_557_42_2           31         4.872     6009.791      6014.663 
        add_628_42                 29         4.556     6032.850      6037.405 
    u_exec                       1776       159.534   466360.134    466519.669 
      u_alu                       915        70.242    41029.246     41099.488 
        sub_73_37_Y_add_163_38    197        16.727    14869.782     14886.509 
        lt_189_38                  80         5.568     3032.971      3038.539 
      add_338_51                  170        13.301    84508.226     84521.527 
      add_330_39_Y_add_324_35      69        10.681    44745.996     44756.678 
      less_than_..25:sub_297_12    98         7.157    48385.123     48392.280 
      lt_367_46_Y_gte_372_46      100         7.143    44109.812     44116.955 
    u_div                        1135       142.640   532854.237    532996.877 
      sub_143_34_Y_minus_125_23   160        15.562    57339.122     57354.684 
      minus_120_23                 71         6.528    30714.750     30721.277 
      minus_159_.._minus_157_39    64         6.203    17956.287     17962.489 
      lte_141_19                   88         6.077    17316.528     17322.605 
    u_lsu                         730       105.475   421884.440    421989.915 
      add_193_42_Y_add_191_42     170        13.577    84989.421     85002.998 
    u_decode_genblk1.u_dec        107        22.748    34254.256     34277.004 
    u_fetch_add_189_41             29         4.556     8876.014      8880.569 
  u_tcm_u_conv                    597        82.498   690399.260    690481.757 
  u_axi                           273        51.972   417220.952    417272.924 
  u_dmux                           98         9.458    57343.643     57353.101 

