###############################################################
#  Generated by:      Cadence Encounter 13.10-p003_1
#  OS:                Linux i686(Host ID cadence)
#  Generated on:      Wed Sep  2 13:33:44 2026
#  Design:            riscv_tcm_wrapper
#  Command:           report_timing  > /home/buet/Documents/RISCV32I_TCM_AXI/PnR/Design_0/output/Output_final/report_final/worst_setup_paths.rpt
###############################################################
Path 1: MET Setup Check with Pin u_core/u_fetch_branch_pc_q_reg[24]/CK 
Endpoint:   u_core/u_fetch_branch_pc_q_reg[24]/D (^) checked with  leading edge 
of 'clk'
Beginpoint: u_tcm_u_ram_u_bank7/Q1[16]           (v) triggered by  leading edge 
of 'clk'
Analysis View: slow_view
Other End Arrival Time          0.466
- Setup                         0.074
+ Phase Shift                  10.000
+ CPPR Adjustment               0.000
- Uncertainty                   0.150
= Required Time                10.242
- Arrival Time                 10.222
= Slack Time                    0.020
     Clock Rise Edge                 0.000
     + Clock Network Latency (Prop)    0.481
     = Beginpoint Arrival Time         0.481
     +---------------------------------------------------------------------------------------------------------------------------------------------------------------------------+ 
     |                    Timing Point                    |                        Net                         | Fanout |  Slew |  Load |  Edge |     Cell     | Delay | Arrival | 
     |                                                    |                                                    |        |       |       |       |              |       |  Time   | 
     |----------------------------------------------------+----------------------------------------------------+--------+-------+-------+-------+--------------+-------+---------| 
     | u_tcm_u_ram_u_bank7/CK1                            | clk_i__L6_N27                                      |      1 | 0.130 | 0.152 |   ^   |              |       |   0.481 | 
     | u_tcm_u_ram_u_bank7/Q1[16]                         | u_tcm_u_ram_q0_b7[16]                              |      1 | 0.148 | 0.008 |   v   | MEM2_2048X32 | 1.524 |   2.006 | 
     | g7882/Y                                            | n_57                                               |      1 | 0.659 | 0.125 |   ^   | INVX3        | 0.338 |   2.344 | 
     | g7071/Y                                            | n_733                                              |      1 | 0.499 | 0.026 |   v   | OAI22X2      | 0.834 |   3.178 | 
     | g6935/Y                                            | n_866                                              |      1 | 0.285 | 0.016 |   ^   | NOR2X2       | 0.412 |   3.590 | 
     | g6867/Y                                            | ifetch_inst_w[16]                                  |      1 | 0.272 | 0.023 |   v   | NAND2X4      | 0.217 |   3.807 | 
     | u_core/g7273/Y                                     | u_core/n_1056                                      |      8 | 0.285 | 0.025 |   ^   | AOI22X4      | 0.209 |   4.016 | 
     | u_core/g2278/Y                                     | u_core/opcode_opcode_w[16]                         |     15 | 0.216 | 0.043 |   v   | INVX4        | 0.199 |   4.215 | 
     | u_core/u_issue/g41809/Y                            | u_core/u_issue/n_1759                              |      2 | 0.058 | 0.003 |   v   | AND2X1       | 0.146 |   4.361 | 
     | u_core/u_issue/g41708/Y                            | u_core/u_issue/n_1859                              |      4 | 0.138 | 0.007 |   v   | AND2X1       | 0.131 |   4.492 | 
     | u_core/u_issue/g41624/Y                            | u_core/u_issue/n_1925                              |      1 | 0.100 | 0.004 |   ^   | NAND2X1      | 0.086 |   4.578 | 
     | u_core/u_issue/drc41979/Y                          | u_core/u_issue/n_1649                              |     15 | 0.280 | 0.032 |   v   | INVX2        | 0.175 |   4.753 | 
     | u_core/u_issue/FE_OFC831_n_1649/Y                  | u_core/u_issue/FE_OFN831_n_1649                    |     18 | 0.299 | 0.034 |   v   | CLKBUFX2     | 0.297 |   5.050 | 
     | u_core/u_issue/g40395/Y                            | u_core/u_issue/n_3033                              |      1 | 0.088 | 0.002 |   v   | AO22XL       | 0.221 |   5.271 | 
     | u_core/u_issue/g42520/Y                            | u_core/u_issue/n_4709                              |      1 | 0.183 | 0.002 |   ^   | AOI221X1     | 0.119 |   5.390 | 
     | u_core/u_issue/g42489/Y                            | u_core/u_issue/n_4678                              |      1 | 0.150 | 0.002 |   v   | NAND3X1      | 0.139 |   5.530 | 
     | u_core/u_issue/g42469/Y                            | u_core/u_issue/n_4658                              |      1 | 0.419 | 0.015 |   v   | NAND3BX2     | 0.340 |   5.870 | 
     | u_core/u_issue/g39440/Y                            | u_core/u_issue/n_3938                              |      1 | 0.312 | 0.005 |   ^   | OAI31X1      | 0.409 |   6.278 | 
     | u_core/u_issue/g39386/Y                            | u_core/u_issue/n_3991                              |      1 | 0.116 | 0.002 |   v   | OAI2BB1X1    | 0.167 |   6.445 | 
     | u_core/u_issue/g39318/Y                            | u_core/opcode_ra_operand_w[10]                     |     17 | 0.453 | 0.052 |   v   | OR2X2        | 0.369 |   6.814 | 
     | u_core/u_exec/g5910/Y                              | u_core/u_exec/n_570                                |      2 | 0.076 | 0.002 |   v   | MX2XL        | 0.273 |   7.087 | 
     | u_core/u_exec/less_than_signed_357_25:sub_279_12_Y | u_core/u_exec/less_than_signed_357_25:sub_279_12_Y |      1 | 0.067 | 0.001 |   v   | NAND2BX1     | 0.103 |   7.190 | 
     | _greater_than_signed_362_25:sub_297_12/g2090/Y     | _greater_than_signed_362_25:sub_297_12/n_39        |        |       |       |       |              |       |         | 
     | u_core/u_exec/less_than_signed_357_25:sub_279_12_Y | u_core/u_exec/less_than_signed_357_25:sub_279_12_Y |      2 | 0.122 | 0.004 |   v   | AND3XL       | 0.128 |   7.318 | 
     | _greater_than_signed_362_25:sub_297_12/g2062/Y     | _greater_than_signed_362_25:sub_297_12/n_67        |        |       |       |       |              |       |         | 
     | u_core/u_exec/less_than_signed_357_25:sub_279_12_Y | u_core/u_exec/less_than_signed_357_25:sub_279_12_Y |      1 | 0.086 | 0.001 |   ^   | AOI22X1      | 0.105 |   7.423 | 
     | _greater_than_signed_362_25:sub_297_12/g2046/Y     | _greater_than_signed_362_25:sub_297_12/n_83        |        |       |       |       |              |       |         | 
     | u_core/u_exec/less_than_signed_357_25:sub_279_12_Y | u_core/u_exec/less_than_signed_357_25:sub_279_12_Y |      1 | 0.114 | 0.002 |   v   | NAND2X1      | 0.097 |   7.519 | 
     | _greater_than_signed_362_25:sub_297_12/g2043/Y     | _greater_than_signed_362_25:sub_297_12/n_86        |        |       |       |       |              |       |         | 
     | u_core/u_exec/less_than_signed_357_25:sub_279_12_Y | u_core/u_exec/less_than_signed_357_25:sub_279_12_Y |      1 | 0.047 | 0.001 |   ^   | NAND4X1      | 0.063 |   7.583 | 
     | _greater_than_signed_362_25:sub_297_12/g2042/Y     | _greater_than_signed_362_25:sub_297_12/n_87        |        |       |       |       |              |       |         | 
     | u_core/u_exec/less_than_signed_357_25:sub_279_12_Y | u_core/u_exec/less_than_signed_357_25:sub_279_12_Y |      1 | 0.098 | 0.002 |   ^   | AND4XL       | 0.246 |   7.829 | 
     | _greater_than_signed_362_25:sub_297_12/g2041/Y     | _greater_than_signed_362_25:sub_297_12/n_88        |        |       |       |       |              |       |         | 
     | u_core/u_exec/less_than_signed_357_25:sub_279_12_Y | u_core/u_exec/less_than_signed_357_25:sub_279_12_Y |      1 | 0.115 | 0.001 |   v   | AOI211X1     | 0.062 |   7.890 | 
     | _greater_than_signed_362_25:sub_297_12/g2040/Y     | _greater_than_signed_362_25:sub_297_12/n_89        |        |       |       |       |              |       |         | 
     | u_core/u_exec/less_than_signed_357_25:sub_279_12_Y | u_core/u_exec/less_than_signed_357_25:sub_279_12_Y |      1 | 0.126 | 0.001 |   ^   | OAI31X1      | 0.104 |   7.994 | 
     | _greater_than_signed_362_25:sub_297_12/g2039/Y     | _greater_than_signed_362_25:sub_297_12/n_90        |        |       |       |       |              |       |         | 
     | u_core/u_exec/less_than_signed_357_25:sub_279_12_Y | u_core/u_exec/less_than_signed_357_25:sub_279_12_Y |      1 | 0.312 | 0.005 |   v   | OAI211X1     | 0.215 |   8.209 | 
     | _greater_than_signed_362_25:sub_297_12/g2038/Y     | _greater_than_signed_362_25:sub_297_12/n_91        |        |       |       |       |              |       |         | 
     | u_core/u_exec/less_than_signed_357_25:sub_279_12_Y | u_core/u_exec/less_than_signed_357_25:sub_279_12_Y |      1 | 0.086 | 0.005 |   ^   | AOI31X4      | 0.152 |   8.361 | 
     | _greater_than_signed_362_25:sub_297_12/g2037/Y     | _greater_than_signed_362_25:sub_297_12/n_92        |        |       |       |       |              |       |         | 
     | u_core/u_exec/less_than_signed_357_25:sub_279_12_Y | u_core/u_exec/less_than_signed_357_25:sub_279_12_Y |      2 | 0.064 | 0.003 |   ^   | OR3X1        | 0.113 |   8.474 | 
     | _greater_than_signed_362_25:sub_297_12/g2036/Y     | _greater_than_signed_362_25:sub_297_12/n_93        |        |       |       |       |              |       |         | 
     | u_core/u_exec/less_than_signed_357_25:sub_279_12_Y | u_core/u_exec/less_than_signed_357_25:sub_279_12_Y |      1 | 0.166 | 0.002 |   v   | NAND3X1      | 0.111 |   8.585 | 
     | _greater_than_signed_362_25:sub_297_12/g2035/Y     | _greater_than_signed_362_25:sub_297_12/n_94        |        |       |       |       |              |       |         | 
     | u_core/u_exec/less_than_signed_357_25:sub_279_12_Y | u_core/u_exec/less_than_signed_357_25:sub_279_12_Y |      1 | 0.100 | 0.004 |   ^   | AOI21X2      | 0.115 |   8.700 | 
     | _greater_than_signed_362_25:sub_297_12/g2033/Y     | _greater_than_signed_362_25:sub_297_12/n_96        |        |       |       |       |              |       |         | 
     | u_core/u_exec/less_than_signed_357_25:sub_279_12_Y | u_core/u_exec/n_592                                |      1 | 0.102 | 0.004 |   v   | CLKXOR2X1    | 0.209 |   8.910 | 
     | _greater_than_signed_362_25:sub_297_12/g2032/Y     |                                                    |        |       |       |       |              |       |         | 
     | u_core/u_exec/g9470/Y                              | u_core/u_exec/n_228                                |      1 | 0.107 | 0.002 |   ^   | AOI31X1      | 0.101 |   9.011 | 
     | u_core/u_exec/g9883/Y                              | u_core/branch_d_exec_request_w                     |      1 | 0.044 | 0.002 |   v   | NOR2BX2      | 0.059 |   9.069 | 
     | u_core/FE_OCPC3571_branch_d_exec_request_w/Y       | u_core/FE_OCPN3571_branch_d_exec_request_w         |      2 | 0.046 | 0.010 |   v   | BUFX6        | 0.075 |   9.144 | 
     | u_core/u_issue/g11022/Y                            | u_core/branch_request_w                            |      3 | 0.140 | 0.007 |   v   | OR2X1        | 0.154 |   9.298 | 
     | u_core/FE_OFC597_branch_request_w/Y                | u_core/FE_OFN597_branch_request_w                  |     30 | 0.217 | 0.036 |   v   | CLKBUFX3     | 0.198 |   9.496 | 
     | u_core/g1728/Y                                     | u_core/n_27                                        |      1 | 0.047 | 0.001 |   ^   | INVX1        | 0.094 |   9.590 | 
     | u_core/g6764/Y                                     | u_core/n_39                                        |      2 | 0.075 | 0.002 |   ^   | AND2XL       | 0.119 |   9.709 | 
     | u_core/FE_OFC697_n_39/Y                            | u_core/FE_OFN697_n_39                              |     30 | 0.152 | 0.036 |   ^   | CLKBUFX4     | 0.152 |   9.861 | 
     | u_core/g6703/Y                                     | u_core/FE_PHN2230_n_95                             |      1 | 0.052 | 0.001 |   ^   | AO22XL       | 0.191 |  10.051 | 
     | u_core/FE_PHC4837_n_95/Y                           | u_core/FE_PHN4837_n_95                             |      1 | 0.032 | 0.001 |   ^   | DLY1X1       | 0.171 |  10.222 | 
     | u_core/u_fetch_branch_pc_q_reg[24]/D               |                                                    |        | 0.032 | 0.001 |   ^   | DFFRHQX2     | 0.000 |  10.222 | 
     +---------------------------------------------------------------------------------------------------------------------------------------------------------------------------+ 

