###############################################################
#  Generated by:      Cadence Encounter 13.10-p003_1
#  OS:                Linux i686(Host ID cadence)
#  Generated on:      Wed Sep  2 13:33:45 2026
#  Design:            riscv_tcm_wrapper
#  Command:           report_timing -early > /home/buet/Documents/RISCV32I_TCM_AXI/PnR/Design_0/output/Output_final/report_final/worst_hold_paths.rpt
###############################################################
Path 1: MET Hold Check with Pin u_axi/u_req_ram_q_reg[0][42]/CK 
Endpoint:   u_axi/u_req_ram_q_reg[0][42]/SI      (v) checked with  leading edge 
of 'clk'
Beginpoint: u_core/u_lsu/mem_data_wr_q_reg[10]/Q (v) triggered by  leading edge 
of 'clk'
Analysis View: fast_view
Other End Arrival Time          0.206
+ Hold                         -0.020
+ Phase Shift                   0.000
- CPPR Adjustment               0.000
+ Uncertainty                   0.150
= Required Time                 0.336
  Arrival Time                  0.336
  Slack Time                    0.000
     Clock Rise Edge                 0.000
     + Clock Network Latency (Prop)  0.204
     = Beginpoint Arrival Time       0.204
     +---------------------------------------------------------------------------------------------------------------------------+ 
     |             Timing Point              |         Net         | Fanout |  Slew |  Load |  Edge |   Cell   | Delay | Arrival | 
     |                                       |                     |        |       |       |       |          |       |  Time   | 
     |---------------------------------------+---------------------+--------+-------+-------+-------+----------+-------+---------| 
     | u_core/u_lsu/mem_data_wr_q_reg[10]/CK | clk_i__L6_N15       |     64 | 0.037 | 0.072 |   ^   |          |       |   0.204 | 
     | u_core/u_lsu/mem_data_wr_q_reg[10]/Q  | dport_data_wr_w[10] |      4 | 0.099 | 0.014 |   v   | DFFRHQX1 | 0.131 |   0.335 | 
     | u_axi/u_req_ram_q_reg[0][42]/SI       |                     |        | 0.099 | 0.014 |   v   | SDFFQX1  | 0.000 |   0.336 | 
     +---------------------------------------------------------------------------------------------------------------------------+ 

